Error: Compiler run failed:
Error (6275): Source "lib/openzeppelin-contracts/contracts/access/Ownable.sol" not found: File not found. Searched the following locations: "/home/kris/Quantum-pi-forge/contracts".
ParserError: Source "lib/openzeppelin-contracts/contracts/access/Ownable.sol" not found: File not found. Searched the following locations: "/home/kris/Quantum-pi-forge/contracts".
 --> heartbeat/HeartbeatMonitor.sol:4:1:
  |
4 | import "@openzeppelin/contracts/access/Ownable.sol";
  | ^^^^^^^^^^^^^^^^^^^^^^^^^^^^^^^^^^^^^^^^^^^^^^^^^^^^

Error (6275): Source "lib/forge-std/src/Script.sol" not found: File not found. Searched the following locations: "/home/kris/Quantum-pi-forge/contracts".
ParserError: Source "lib/forge-std/src/Script.sol" not found: File not found. Searched the following locations: "/home/kris/Quantum-pi-forge/contracts".
 --> script/BirthGenesisHeartbeat.s.sol:4:1:
  |
4 | import "forge-std/Script.sol";
  | ^^^^^^^^^^^^^^^^^^^^^^^^^^^^^^

Error (6275): Source "lib/openzeppelin-contracts/contracts/token/ERC721/ERC721.sol" not found: File not found. Searched the following locations: "/home/kris/Quantum-pi-forge/contracts".
ParserError: Source "lib/openzeppelin-contracts/contracts/token/ERC721/ERC721.sol" not found: File not found. Searched the following locations: "/home/kris/Quantum-pi-forge/contracts".
 --> src/OINIOModelRegistry.sol:4:1:
  |
4 | import "@openzeppelin/contracts/token/ERC721/ERC721.sol";
  | ^^^^^^^^^^^^^^^^^^^^^^^^^^^^^^^^^^^^^^^^^^^^^^^^^^^^^^^^^

Error (6275): Source "lib/openzeppelin-contracts/contracts/token/ERC721/extensions/ERC721URIStorage.sol" not found: File not found. Searched the following locations: "/home/kris/Quantum-pi-forge/contracts".
ParserError: Source "lib/openzeppelin-contracts/contracts/token/ERC721/extensions/ERC721URIStorage.sol" not found: File not found. Searched the following locations: "/home/kris/Quantum-pi-forge/contracts".
 --> src/OINIOModelRegistry.sol:5:1:
  |
5 | import "@openzeppelin/contracts/token/ERC721/extensions/ERC721URIStorage.sol";
  | ^^^^^^^^^^^^^^^^^^^^^^^^^^^^^^^^^^^^^^^^^^^^^^^^^^^^^^^^^^^^^^^^^^^^^^^^^^^^^^

Error (6275): Source "lib/openzeppelin-contracts/contracts/token/ERC721/extensions/ERC721Burnable.sol" not found: File not found. Searched the following locations: "/home/kris/Quantum-pi-forge/contracts".
ParserError: Source "lib/openzeppelin-contracts/contracts/token/ERC721/extensions/ERC721Burnable.sol" not found: File not found. Searched the following locations: "/home/kris/Quantum-pi-forge/contracts".
 --> src/OINIOModelRegistry.sol:6:1:
  |
6 | import "@openzeppelin/contracts/token/ERC721/extensions/ERC721Burnable.sol";
  | ^^^^^^^^^^^^^^^^^^^^^^^^^^^^^^^^^^^^^^^^^^^^^^^^^^^^^^^^^^^^^^^^^^^^^^^^^^^^

Error (6275): Source "lib/openzeppelin-contracts/contracts/token/ERC20/IERC20.sol" not found: File not found. Searched the following locations: "/home/kris/Quantum-pi-forge/contracts".
ParserError: Source "lib/openzeppelin-contracts/contracts/token/ERC20/IERC20.sol" not found: File not found. Searched the following locations: "/home/kris/Quantum-pi-forge/contracts".
 --> src/OINIOModelRegistry.sol:7:1:
  |
7 | import "@openzeppelin/contracts/token/ERC20/IERC20.sol";
  | ^^^^^^^^^^^^^^^^^^^^^^^^^^^^^^^^^^^^^^^^^^^^^^^^^^^^^^^^

Error (6275): Source "lib/openzeppelin-contracts/contracts/access/Ownable.sol" not found: File not found. Searched the following locations: "/home/kris/Quantum-pi-forge/contracts".
ParserError: Source "lib/openzeppelin-contracts/contracts/access/Ownable.sol" not found: File not found. Searched the following locations: "/home/kris/Quantum-pi-forge/contracts".
 --> src/OINIOModelRegistry.sol:8:1:
  |
8 | import "@openzeppelin/contracts/access/Ownable.sol";
  | ^^^^^^^^^^^^^^^^^^^^^^^^^^^^^^^^^^^^^^^^^^^^^^^^^^^^

Error (6275): Source "lib/openzeppelin-contracts/contracts/utils/ReentrancyGuard.sol" not found: File not found. Searched the following locations: "/home/kris/Quantum-pi-forge/contracts".
ParserError: Source "lib/openzeppelin-contracts/contracts/utils/ReentrancyGuard.sol" not found: File not found. Searched the following locations: "/home/kris/Quantum-pi-forge/contracts".
 --> src/OINIOModelRegistry.sol:9:1:
  |
9 | import "@openzeppelin/contracts/utils/ReentrancyGuard.sol";
  | ^^^^^^^^^^^^^^^^^^^^^^^^^^^^^^^^^^^^^^^^^^^^^^^^^^^^^^^^^^^

Error (6275): Source "lib/openzeppelin-contracts/contracts/token/ERC20/ERC20.sol" not found: File not found. Searched the following locations: "/home/kris/Quantum-pi-forge/contracts".
ParserError: Source "lib/openzeppelin-contracts/contracts/token/ERC20/ERC20.sol" not found: File not found. Searched the following locations: "/home/kris/Quantum-pi-forge/contracts".
 --> src/OINIOToken.sol:4:1:
  |
4 | import "@openzeppelin/contracts/token/ERC20/ERC20.sol";
  | ^^^^^^^^^^^^^^^^^^^^^^^^^^^^^^^^^^^^^^^^^^^^^^^^^^^^^^^

Error (6275): Source "lib/openzeppelin-contracts/contracts/token/ERC20/extensions/ERC20Burnable.sol" not found: File not found. Searched the following locations: "/home/kris/Quantum-pi-forge/contracts".
ParserError: Source "lib/openzeppelin-contracts/contracts/token/ERC20/extensions/ERC20Burnable.sol" not found: File not found. Searched the following locations: "/home/kris/Quantum-pi-forge/contracts".
 --> src/OINIOToken.sol:5:1:
  |
5 | import "@openzeppelin/contracts/token/ERC20/extensions/ERC20Burnable.sol";
  | ^^^^^^^^^^^^^^^^^^^^^^^^^^^^^^^^^^^^^^^^^^^^^^^^^^^^^^^^^^^^^^^^^^^^^^^^^^

Error (6275): Source "lib/openzeppelin-contracts/contracts/access/Ownable.sol" not found: File not found. Searched the following locations: "/home/kris/Quantum-pi-forge/contracts".
ParserError: Source "lib/openzeppelin-contracts/contracts/access/Ownable.sol" not found: File not found. Searched the following locations: "/home/kris/Quantum-pi-forge/contracts".
 --> src/OINIOToken.sol:6:1:
  |
6 | import "@openzeppelin/contracts/access/Ownable.sol";
  | ^^^^^^^^^^^^^^^^^^^^^^^^^^^^^^^^^^^^^^^^^^^^^^^^^^^^
FAILED v2-mainnet-cutover-execute: live body exited with code 1
